---
source: src/parser.rs
expression: result
---
- "\n         filter ::= a_b_cat <name>;\n         a_b_cat ::= 'a' <0> | 'b' <1>;\n     "
- - lhs: filter
    rhs:
      NonTerminal:
        - a_b_cat
        - name: name
  - lhs: a_b_cat
    rhs:
      Alternation:
        - Terminal:
            - a
            - name: "0"
        - Terminal:
            - b
            - name: "1"
        - name: ""

