---
source: src/parser.rs
expression: result
---
- "\n         filter ::= 'a' | 'b' 'c';\n     "
- - lhs: filter
    rhs:
      Multiple:
        - - Alternation:
              - Terminal:
                  - a
                  - name: ""
              - Terminal:
                  - b
                  - name: ""
              - name: ""
          - Terminal:
              - c
              - name: ""
        - name: ""

