---
source: src/token.rs
expression: result
---
- regex: a
  annotation:
    name: ""
- regex: b
  annotation:
    name: ""

