---
source: src/token.rs
expression: result
---
"\\)"

