---
source: src/transform.rs
expression: result
---
expressions:
  - lhs: ~1
    rhs:
      NonTerminal:
        - ~2
        - name: ""
  - lhs: ~2
    rhs:
      Multiple:
        - NonTerminal:
            - C
            - name: ""
        - NonTerminal:
            - ~2
            - name: ""
        - name: ~
  - lhs: ~2
    rhs:
      NonTerminal:
        - C
        - name: ""
  - lhs: ~0
    rhs:
      Multiple:
        - NonTerminal:
            - B
            - name: ""
        - NonTerminal:
            - ~1
            - name: ~
        - name: ""
  - lhs: A
    rhs:
      Multiple:
        - NonTerminal:
            - A
            - name: ""
        - NonTerminal:
            - ~0
            - name: ~
        - name: ~

